

                      - Star Hammer, Version 1.00 - Packing List -


                               S T A R   H A M M E R
                               ---------------------

                                     Version 1.00
                                    --------------

                               P A C K I N G    L I S T
                              --------------------------


          The complete Star Hammer evaluation package should contain the
          following files.  Please ensure that each file is present.  If
          any of these files are missing then the package is not complete
          and is not suitable for distribution to others.  The complete
          package may be obtained directly from HomeBrew Software in a
          sealed envelope.

              File Name:                Purpose of File:
             ------------   ---------------------------------------------------

             START.BAT      Run this to start the game.
             HAMMER.EXE     Program file.
             PACKING.LST    This text file.
             HAMMER.DOC     Game description and help.
             DESCRIBE.DOC   Sample descriptions for catalogs, BBSs, etc.
             ORDER.FRM      Product order information.
             SYSOP.DOC      Information for Bulletin Board System
                            distribution.
             VENDOR.DOC     Information and restrictions for disk vendors,
                            distributors, user groups, and more.
             WARRANTY.DOC   Important Warranty Information
             FILE_ID.DIZ    Short description for BBS software.
             APILOT1.ANX    Data file.
             APILOT2.ANX    Data file.
             HAMMER.ANX     Data file.
             LANDING1.ANX   Data file.
             LANDING2.ANX   Data file.
             TAKEOFF2.ANX   Data file.
             HAMM5X5.CHR    Data file.
             HAMM6X7.CHR    Data file.
             BTEXTE1.DAT    Data file.
             INST_E.DAT     Data file.
             MISSION1.DAT   Data file.
             ORD_E.DAT      Data file.
             BACK1.GR       Data file.
             BACK2.GR       Data file.
             BACK3.GR       Data file.
             BACK4.GR       Data file.
             BRIEF.GR       Data file.
             DEBRIEF.GR     Data file.
             INFO.GR        Data file.
             MAP.GR         Data file.

Packing List Information                                        Page 1 of 2


             COMBAT.MID     Data file.
             CRUISE.MID     Data file.
             FAILURE.MID    Data file.
             HAMMER.MID     Data file.
             HOME.MID       Data file.
             MENU.MID       Data file.
             VICTORY.MID    Data file.
             HAMMER.PLT     Data file.
             BASE.VGA       Data file.
             BURNER.VGA     Data file.
             EF1.VGA        Data file.
             EXPLODE.VGA    Data file.
             FIGHTER.VGA    Data file.
             HAMMER.VGA     Data file.
             ROCKS.VGA      Data file.
             SLOB.VGA       Data file.
             H0.VOC         Data file.
             H1.VOC         Data file.
             H2.VOC         Data file.
             H3.VOC         Data file.
             H4.VOC         Data file.

Packing List Information                                        Page 2 of 2

